[
  {
    "Sha": "e9c5aa72c9e22592ee2611d896b730c1a95cc339",
    "Message": "asd",
    "Author": {
      "Name": "git_user1",
      "Email": "git_user1@tencent.com",
      "Date": "2012-09-19T09:29:19-00:00",
      "Login": "git_user1",
      "Avatar": ""
    },
    "Committer": {
      "Name": "git_user1",
      "Email": "git_user1@tencent.com",
      "Date": "2012-09-19T09:29:19-00:00",
      "Login": "git_user1",
      "Avatar": ""
    },
    "Link": "https://git.code.tencent.com/xinnjie/testme/commit/e9c5aa72c9e22592ee2611d896b730c1a95cc339"
  },
  {
    "Sha": "11a63fa022906668338166ce7f2e7bf35d502285",
    "Message": "dd",
    "Author": {
      "Name": "git_user1",
      "Email": "git_user1@tencent.com",
      "Date": "2012-09-19T09:29:19-00:00",
      "Login": "git_user1",
      "Avatar": ""
    },
    "Committer": {
      "Name": "git_user1",
      "Email": "git_user1@tencent.com",
      "Date": "2012-09-19T09:29:19-00:00",
      "Login": "git_user1",
      "Avatar": ""
    },
    "Link": "https://git.code.tencent.com/xinnjie/testme/commit/11a63fa022906668338166ce7f2e7bf35d502285"
  }
]