[
    {
        "Path": "README.md",
        "PreviousPath": "README.md",
        "Added": false,
        "Renamed": false,
        "Deleted": false,
        "Patch": "@@ -1,2 +1,5 @@\n # testme\r\n-a repo for tencentgit client integration test\n\\ No newline at end of file\n+a repo for tencentgit client integration test\r\n+\r\n+# changelog\r\n+first mr\n\\ No newline at end of file\n"
    }
]
