{
  "ID": 1383976,
  "Body": "test comment",
  "Author": {
    "Login": "xinnjie",
    "Name": "xinnjie",
    "Email": "",
    "Avatar": "https://git.code.tencent.com/uploads/user/avatar/176405/7e72ab97e19e430287c34c54af3bf7e1."
  },
  "Created": "2021-08-24T11:41:23Z",
  "Updated": "2021-08-24T11:41:23Z"
}