[
  {
    "ID": 1383976,
    "Body": "test comment",
    "Author": {
      "ID": 0,
      "Login": "xinnjie",
      "Name": "xinnjie",
      "Email": "",
      "Avatar": "https://git.code.tencent.com/uploads/user/avatar/176405/7e72ab97e19e430287c34c54af3bf7e1.",
      "Link": "",
      "Created": "0001-01-01T00:00:00Z",
      "Updated": "0001-01-01T00:00:00Z"
    },
    "Link": "",
    "Version": 0,
    "Created": "2021-08-24T11:41:23Z",
    "Updated": "2021-08-24T11:41:23Z"
  },
  {
    "ID": 1384041,
    "Body": "comments in files",
    "Author": {
      "ID": 0,
      "Login": "xinnjie",
      "Name": "xinnjie",
      "Email": "",
      "Avatar": "https://git.code.tencent.com/uploads/user/avatar/176405/7e72ab97e19e430287c34c54af3bf7e1.",
      "Link": "",
      "Created": "0001-01-01T00:00:00Z",
      "Updated": "0001-01-01T00:00:00Z"
    },
    "Link": "",
    "Version": 0,
    "Created": "2021-08-24T12:12:53Z",
    "Updated": "2021-08-24T12:12:53Z"
  },
  {
    "ID": 1384048,
    "Body": "reply comment in files",
    "Author": {
      "ID": 0,
      "Login": "xinnjie",
      "Name": "xinnjie",
      "Email": "",
      "Avatar": "https://git.code.tencent.com/uploads/user/avatar/176405/7e72ab97e19e430287c34c54af3bf7e1.",
      "Link": "",
      "Created": "0001-01-01T00:00:00Z",
      "Updated": "0001-01-01T00:00:00Z"
    },
    "Link": "",
    "Version": 0,
    "Created": "2021-08-24T12:14:07Z",
    "Updated": "2021-08-24T12:14:07Z"
  }
]
