{
  "ID": 176405,
  "Login": "xinnjie",
  "Name": "xinnjie",
  "Avatar": "https://git.code.tencent.com/uploads/user/avatar/176405/7e72ab97e19e430287c34c54af3bf7e1.",
  "Email": "wx_1600e990b7cb469a97087b334c94acee@git.code.tencent.com",
  "Link": "https://git.code.tencent.com/u/xinnjie",
  "Created": "2021-08-12T12:16:46-00:00"
}